#0 building with "default" instance using docker driver

#1 [internal] load build definition from Dockerfile
#1 transferring dockerfile: 121B done
#1 DONE 0.0s

#2 [internal] load metadata for docker.io/library/node:18
#2 DONE 0.4s

#3 [internal] load .dockerignore
#3 transferring context: 2B done
#3 DONE 0.0s

#4 [1/4] FROM docker.io/library/node:18@sha256:c6ae79e38498325db67193d391e6ec1d224d96c693a8a4d943498556716d3783
#4 resolve docker.io/library/node:18@sha256:c6ae79e38498325db67193d391e6ec1d224d96c693a8a4d943498556716d3783 0.0s done
#4 DONE 0.3s

#5 [internal] load build context
#5 transferring context: 565.56kB 0.5s done
#5 DONE 0.6s

#4 [1/4] FROM docker.io/library/node:18@sha256:c6ae79e38498325db67193d391e6ec1d224d96c693a8a4d943498556716d3783
#4 sha256:3697be50c98b9d071df4637e1d3491d00e7b9f3a732768c876d82309b3c5a145 1.25MB / 1.25MB 0.3s done
#4 sha256:cda7f44f2bddcc4bb7514474024b3f3705de00ddb6355a33be5ac7808e5b7125 3.32kB / 3.32kB 0.3s done
#4 sha256:c6b30c3f16966552af10ac00521f60355b1fcfd46ac1c20b1038587e28583ce7 0B / 45.68MB 0.3s
#4 sha256:e23f099911d692f62b851cf49a1e93294288a115f5cd2d014180e4d3684d34ab 4.19MB / 211.36MB 0.3s
#4 sha256:c6b30c3f16966552af10ac00521f60355b1fcfd46ac1c20b1038587e28583ce7 7.34MB / 45.68MB 0.5s
#4 sha256:79b2f47ad4443652b9b5cc81a95ede249fd976310efdbee159f29638783778c0 0B / 64.40MB 0.2s
#4 sha256:3e6b9d1a95114e19f12262a4e8a59ad1d1a10ca7b82108adcf0605a200294964 0B / 48.49MB 0.2s
#4 sha256:c6b30c3f16966552af10ac00521f60355b1fcfd46ac1c20b1038587e28583ce7 13.63MB / 45.68MB 0.6s
#4 sha256:79b2f47ad4443652b9b5cc81a95ede249fd976310efdbee159f29638783778c0 9.44MB / 64.40MB 0.5s
#4 sha256:3e6b9d1a95114e19f12262a4e8a59ad1d1a10ca7b82108adcf0605a200294964 4.19MB / 48.49MB 0.3s
#4 sha256:c6b30c3f16966552af10ac00521f60355b1fcfd46ac1c20b1038587e28583ce7 18.87MB / 45.68MB 0.8s
#4 sha256:e23f099911d692f62b851cf49a1e93294288a115f5cd2d014180e4d3684d34ab 17.83MB / 211.36MB 0.8s
#4 sha256:3e6b9d1a95114e19f12262a4e8a59ad1d1a10ca7b82108adcf0605a200294964 8.39MB / 48.49MB 0.5s
#4 sha256:c6b30c3f16966552af10ac00521f60355b1fcfd46ac1c20b1038587e28583ce7 24.12MB / 45.68MB 0.9s
#4 sha256:79b2f47ad4443652b9b5cc81a95ede249fd976310efdbee159f29638783778c0 15.73MB / 64.40MB 0.6s
#4 sha256:3e6b9d1a95114e19f12262a4e8a59ad1d1a10ca7b82108adcf0605a200294964 14.68MB / 48.49MB 0.6s
#4 sha256:c6b30c3f16966552af10ac00521f60355b1fcfd46ac1c20b1038587e28583ce7 28.31MB / 45.68MB 1.1s
#4 sha256:79b2f47ad4443652b9b5cc81a95ede249fd976310efdbee159f29638783778c0 22.02MB / 64.40MB 0.8s
#4 sha256:3e6b9d1a95114e19f12262a4e8a59ad1d1a10ca7b82108adcf0605a200294964 18.87MB / 48.49MB 0.8s
#4 sha256:c6b30c3f16966552af10ac00521f60355b1fcfd46ac1c20b1038587e28583ce7 33.55MB / 45.68MB 1.2s
#4 sha256:e23f099911d692f62b851cf49a1e93294288a115f5cd2d014180e4d3684d34ab 33.55MB / 211.36MB 1.2s
#4 sha256:3e6b9d1a95114e19f12262a4e8a59ad1d1a10ca7b82108adcf0605a200294964 24.12MB / 48.49MB 0.9s
#4 sha256:c6b30c3f16966552af10ac00521f60355b1fcfd46ac1c20b1038587e28583ce7 36.70MB / 45.68MB 1.4s
#4 sha256:79b2f47ad4443652b9b5cc81a95ede249fd976310efdbee159f29638783778c0 29.36MB / 64.40MB 1.1s
#4 sha256:3e6b9d1a95114e19f12262a4e8a59ad1d1a10ca7b82108adcf0605a200294964 29.36MB / 48.49MB 1.1s
#4 sha256:c6b30c3f16966552af10ac00521f60355b1fcfd46ac1c20b1038587e28583ce7 41.94MB / 45.68MB 1.5s
#4 sha256:79b2f47ad4443652b9b5cc81a95ede249fd976310efdbee159f29638783778c0 35.65MB / 64.40MB 1.2s
#4 sha256:3e6b9d1a95114e19f12262a4e8a59ad1d1a10ca7b82108adcf0605a200294964 34.60MB / 48.49MB 1.2s
#4 sha256:c6b30c3f16966552af10ac00521f60355b1fcfd46ac1c20b1038587e28583ce7 45.68MB / 45.68MB 1.7s done
#4 sha256:e23f099911d692f62b851cf49a1e93294288a115f5cd2d014180e4d3684d34ab 51.38MB / 211.36MB 1.7s
#4 sha256:79b2f47ad4443652b9b5cc81a95ede249fd976310efdbee159f29638783778c0 40.89MB / 64.40MB 1.4s
#4 sha256:3e6b9d1a95114e19f12262a4e8a59ad1d1a10ca7b82108adcf0605a200294964 40.89MB / 48.49MB 1.4s
#4 sha256:79b2f47ad4443652b9b5cc81a95ede249fd976310efdbee159f29638783778c0 54.53MB / 64.40MB 1.7s
#4 sha256:3e6b9d1a95114e19f12262a4e8a59ad1d1a10ca7b82108adcf0605a200294964 47.19MB / 48.49MB 1.5s
#4 sha256:37927ed901b1b2608b72796c6881bf645480268eca4ac9a37b9219e050bb4d84 0B / 24.02MB 0.2s
#4 sha256:3e6b9d1a95114e19f12262a4e8a59ad1d1a10ca7b82108adcf0605a200294964 48.49MB / 48.49MB 1.7s done
#4 sha256:37927ed901b1b2608b72796c6881bf645480268eca4ac9a37b9219e050bb4d84 6.29MB / 24.02MB 0.3s
#4 extracting sha256:3e6b9d1a95114e19f12262a4e8a59ad1d1a10ca7b82108adcf0605a200294964
#4 sha256:e23f099911d692f62b851cf49a1e93294288a115f5cd2d014180e4d3684d34ab 63.96MB / 211.36MB 2.0s
#4 sha256:79b2f47ad4443652b9b5cc81a95ede249fd976310efdbee159f29638783778c0 59.77MB / 64.40MB 1.8s
#4 sha256:37927ed901b1b2608b72796c6881bf645480268eca4ac9a37b9219e050bb4d84 12.58MB / 24.02MB 0.5s
#4 sha256:79b2f47ad4443652b9b5cc81a95ede249fd976310efdbee159f29638783778c0 64.40MB / 64.40MB 2.0s done
#4 sha256:e23f099911d692f62b851cf49a1e93294288a115f5cd2d014180e4d3684d34ab 78.64MB / 211.36MB 2.3s
#4 sha256:37927ed901b1b2608b72796c6881bf645480268eca4ac9a37b9219e050bb4d84 24.02MB / 24.02MB 0.8s
#4 sha256:e23f099911d692f62b851cf49a1e93294288a115f5cd2d014180e4d3684d34ab 96.47MB / 211.36MB 2.6s
#4 sha256:37927ed901b1b2608b72796c6881bf645480268eca4ac9a37b9219e050bb4d84 24.02MB / 24.02MB 0.8s done
#4 sha256:e23f099911d692f62b851cf49a1e93294288a115f5cd2d014180e4d3684d34ab 108.00MB / 211.36MB 2.7s
#4 sha256:e23f099911d692f62b851cf49a1e93294288a115f5cd2d014180e4d3684d34ab 128.97MB / 211.36MB 3.0s
#4 sha256:e23f099911d692f62b851cf49a1e93294288a115f5cd2d014180e4d3684d34ab 141.56MB / 211.36MB 3.2s
#4 sha256:e23f099911d692f62b851cf49a1e93294288a115f5cd2d014180e4d3684d34ab 164.63MB / 211.36MB 3.5s
#4 sha256:e23f099911d692f62b851cf49a1e93294288a115f5cd2d014180e4d3684d34ab 187.70MB / 211.36MB 3.8s
#4 sha256:e23f099911d692f62b851cf49a1e93294288a115f5cd2d014180e4d3684d34ab 199.23MB / 211.36MB 3.9s
#4 sha256:e23f099911d692f62b851cf49a1e93294288a115f5cd2d014180e4d3684d34ab 211.36MB / 211.36MB 4.2s
#4 sha256:e23f099911d692f62b851cf49a1e93294288a115f5cd2d014180e4d3684d34ab 211.36MB / 211.36MB 4.2s done
#4 extracting sha256:3e6b9d1a95114e19f12262a4e8a59ad1d1a10ca7b82108adcf0605a200294964 2.9s done
#4 extracting sha256:37927ed901b1b2608b72796c6881bf645480268eca4ac9a37b9219e050bb4d84
#4 extracting sha256:37927ed901b1b2608b72796c6881bf645480268eca4ac9a37b9219e050bb4d84 0.6s done
#4 DONE 5.8s

#4 [1/4] FROM docker.io/library/node:18@sha256:c6ae79e38498325db67193d391e6ec1d224d96c693a8a4d943498556716d3783
#4 extracting sha256:79b2f47ad4443652b9b5cc81a95ede249fd976310efdbee159f29638783778c0
#4 extracting sha256:79b2f47ad4443652b9b5cc81a95ede249fd976310efdbee159f29638783778c0 2.3s done
#4 DONE 8.1s

#4 [1/4] FROM docker.io/library/node:18@sha256:c6ae79e38498325db67193d391e6ec1d224d96c693a8a4d943498556716d3783
#4 extracting sha256:e23f099911d692f62b851cf49a1e93294288a115f5cd2d014180e4d3684d34ab
#4 extracting sha256:e23f099911d692f62b851cf49a1e93294288a115f5cd2d014180e4d3684d34ab 6.3s done
#4 DONE 14.4s

#4 [1/4] FROM docker.io/library/node:18@sha256:c6ae79e38498325db67193d391e6ec1d224d96c693a8a4d943498556716d3783
#4 extracting sha256:cda7f44f2bddcc4bb7514474024b3f3705de00ddb6355a33be5ac7808e5b7125 0.0s done
#4 extracting sha256:c6b30c3f16966552af10ac00521f60355b1fcfd46ac1c20b1038587e28583ce7
#4 extracting sha256:c6b30c3f16966552af10ac00521f60355b1fcfd46ac1c20b1038587e28583ce7 2.0s done
#4 DONE 16.5s

#4 [1/4] FROM docker.io/library/node:18@sha256:c6ae79e38498325db67193d391e6ec1d224d96c693a8a4d943498556716d3783
#4 extracting sha256:3697be50c98b9d071df4637e1d3491d00e7b9f3a732768c876d82309b3c5a145 0.1s done
#4 extracting sha256:461077a72fb7fe40d34a37d6a1958c4d16772d0dd77f572ec50a1fdc41a3754d 0.0s done
#4 DONE 16.6s

#6 [2/4] WORKDIR /app
#6 DONE 0.3s

#7 [3/4] COPY . .
#7 DONE 11.8s

#8 [4/4] RUN  npm install
#8 2.506 npm error code ENOENT
#8 2.506 npm error syscall open
#8 2.507 npm error path /app/package.json
#8 2.507 npm error errno -2
#8 2.508 npm error enoent Could not read package.json: Error: ENOENT: no such file or directory, open '/app/package.json'
#8 2.508 npm error enoent This is related to npm not being able to find a file.
#8 2.508 npm error enoent
#8 2.510 npm error A complete log of this run can be found in: /root/.npm/_logs/2026-09-09T06_09_57_622Z-debug-0.log
#8 ERROR: process "/bin/sh -c npm install" did not complete successfully: exit code: 254
------
 > [4/4] RUN  npm install:
2.506 npm error code ENOENT
2.506 npm error syscall open
2.507 npm error path /app/package.json
2.507 npm error errno -2
2.508 npm error enoent Could not read package.json: Error: ENOENT: no such file or directory, open '/app/package.json'
2.508 npm error enoent This is related to npm not being able to find a file.
2.508 npm error enoent
2.510 npm error A complete log of this run can be found in: /root/.npm/_logs/2026-09-09T06_09_57_622Z-debug-0.log
------
Dockerfile:7
--------------------
   5 |     COPY . .
   6 |     
   7 | >>> RUN  npm install
   8 |     
   9 |     CMD [ "npm" , "start" ]
--------------------
ERROR: failed to build: failed to solve: process "/bin/sh -c npm install" did not complete successfully: exit code: 254
